c:\users\hiromatukengo\desktop\program\project helloworld\project .857b3ba4\x64\debug\vc145.pdb
c:\users\hiromatukengo\desktop\program\project helloworld\project .857b3ba4\x64\debug\vc145.idb
c:\users\hiromatukengo\desktop\program\project helloworld\project .857b3ba4\x64\debug\helloworld.obj
c:\users\hiromatukengo\desktop\program\project helloworld\project .857b3ba4\x64\debug\main.obj
c:\users\hiromatukengo\desktop\program\project helloworld\project .857b3ba4\x64\debug\project helloworld.ilk
c:\users\hiromatukengo\desktop\program\project helloworld\x64\debug\project helloworld.pdb
c:\users\hiromatukengo\desktop\program\project helloworld\project .857b3ba4\x64\debug\project .857b3ba4.tlog\cl.command.1.tlog
c:\users\hiromatukengo\desktop\program\project helloworld\project .857b3ba4\x64\debug\project .857b3ba4.tlog\cl.items.tlog
c:\users\hiromatukengo\desktop\program\project helloworld\project .857b3ba4\x64\debug\project .857b3ba4.tlog\cl.read.1.tlog
c:\users\hiromatukengo\desktop\program\project helloworld\project .857b3ba4\x64\debug\project .857b3ba4.tlog\cl.write.1.tlog
c:\users\hiromatukengo\desktop\program\project helloworld\project .857b3ba4\x64\debug\project .857b3ba4.tlog\link-cvtres.read.1.tlog
c:\users\hiromatukengo\desktop\program\project helloworld\project .857b3ba4\x64\debug\project .857b3ba4.tlog\link-cvtres.write.1.tlog
c:\users\hiromatukengo\desktop\program\project helloworld\project .857b3ba4\x64\debug\project .857b3ba4.tlog\link-rc.read.1.tlog
c:\users\hiromatukengo\desktop\program\project helloworld\project .857b3ba4\x64\debug\project .857b3ba4.tlog\link-rc.write.1.tlog
c:\users\hiromatukengo\desktop\program\project helloworld\project .857b3ba4\x64\debug\project .857b3ba4.tlog\link.28596-cvtres.read.1.tlog
c:\users\hiromatukengo\desktop\program\project helloworld\project .857b3ba4\x64\debug\project .857b3ba4.tlog\link.28596-cvtres.write.1.tlog
c:\users\hiromatukengo\desktop\program\project helloworld\project .857b3ba4\x64\debug\project .857b3ba4.tlog\link.28596-rc.read.1.tlog
c:\users\hiromatukengo\desktop\program\project helloworld\project .857b3ba4\x64\debug\project .857b3ba4.tlog\link.28596-rc.write.1.tlog
c:\users\hiromatukengo\desktop\program\project helloworld\project .857b3ba4\x64\debug\project .857b3ba4.tlog\link.28596.read.1.tlog
c:\users\hiromatukengo\desktop\program\project helloworld\project .857b3ba4\x64\debug\project .857b3ba4.tlog\link.28596.read.2.tlog
c:\users\hiromatukengo\desktop\program\project helloworld\project .857b3ba4\x64\debug\project .857b3ba4.tlog\link.28596.read.3.tlog
c:\users\hiromatukengo\desktop\program\project helloworld\project .857b3ba4\x64\debug\project .857b3ba4.tlog\link.28596.read.4.tlog
c:\users\hiromatukengo\desktop\program\project helloworld\project .857b3ba4\x64\debug\project .857b3ba4.tlog\link.28596.write.1.tlog
c:\users\hiromatukengo\desktop\program\project helloworld\project .857b3ba4\x64\debug\project .857b3ba4.tlog\link.command.1.tlog
c:\users\hiromatukengo\desktop\program\project helloworld\project .857b3ba4\x64\debug\project .857b3ba4.tlog\link.read.1.tlog
c:\users\hiromatukengo\desktop\program\project helloworld\project .857b3ba4\x64\debug\project .857b3ba4.tlog\link.read.2.tlog
c:\users\hiromatukengo\desktop\program\project helloworld\project .857b3ba4\x64\debug\project .857b3ba4.tlog\link.read.3.tlog
c:\users\hiromatukengo\desktop\program\project helloworld\project .857b3ba4\x64\debug\project .857b3ba4.tlog\link.read.4.tlog
c:\users\hiromatukengo\desktop\program\project helloworld\project .857b3ba4\x64\debug\project .857b3ba4.tlog\link.secondary.1.tlog
c:\users\hiromatukengo\desktop\program\project helloworld\project .857b3ba4\x64\debug\project .857b3ba4.tlog\link.write.1.tlog
