c:\users\hiromatukengo\desktop\program\dxlib_secondgame\dxlib_secondgame\x64\debug\vc145.pdb
c:\users\hiromatukengo\desktop\program\dxlib_secondgame\dxlib_secondgame\x64\debug\vc145.idb
c:\users\hiromatukengo\desktop\program\dxlib_secondgame\dxlib_secondgame\x64\debug\scenemain.obj
c:\users\hiromatukengo\desktop\program\dxlib_secondgame\dxlib_secondgame\x64\debug\player.obj
c:\users\hiromatukengo\desktop\program\dxlib_secondgame\dxlib_secondgame\x64\debug\main.obj
c:\users\hiromatukengo\desktop\program\dxlib_secondgame\dxlib_secondgame\x64\debug\lifeicon.obj
c:\users\hiromatukengo\desktop\program\dxlib_secondgame\dxlib_secondgame\x64\debug\enemy.obj
c:\users\hiromatukengo\desktop\program\dxlib_secondgame\dxlib_secondgame\x64\debug\bg.obj
c:\users\hiromatukengo\desktop\program\dxlib_secondgame\dxlib_secondgame\x64\debug\scenetitle.obj
c:\users\hiromatukengo\desktop\program\dxlib_secondgame\x64\debug\dxlib_secondgame.exe
c:\users\hiromatukengo\desktop\program\dxlib_secondgame\x64\debug\dxlib_secondgame.pdb
c:\users\hiromatukengo\desktop\program\dxlib_secondgame\dxlib_secondgame\x64\debug\dxlib_secondgame.ilk
c:\users\hiromatukengo\desktop\program\dxlib_secondgame\dxlib_secondgame\x64\debug\dxlib_secondgame.tlog\cl.command.1.tlog
c:\users\hiromatukengo\desktop\program\dxlib_secondgame\dxlib_secondgame\x64\debug\dxlib_secondgame.tlog\cl.items.tlog
c:\users\hiromatukengo\desktop\program\dxlib_secondgame\dxlib_secondgame\x64\debug\dxlib_secondgame.tlog\cl.read.1.tlog
c:\users\hiromatukengo\desktop\program\dxlib_secondgame\dxlib_secondgame\x64\debug\dxlib_secondgame.tlog\cl.write.1.tlog
c:\users\hiromatukengo\desktop\program\dxlib_secondgame\dxlib_secondgame\x64\debug\dxlib_secondgame.tlog\link.command.1.tlog
c:\users\hiromatukengo\desktop\program\dxlib_secondgame\dxlib_secondgame\x64\debug\dxlib_secondgame.tlog\link.read.1.tlog
c:\users\hiromatukengo\desktop\program\dxlib_secondgame\dxlib_secondgame\x64\debug\dxlib_secondgame.tlog\link.secondary.1.tlog
c:\users\hiromatukengo\desktop\program\dxlib_secondgame\dxlib_secondgame\x64\debug\dxlib_secondgame.tlog\link.write.1.tlog
