c:\users\hiromatukengo\desktop\program\プログラミング問題回答\プログラミング問題回答\x64\debug\vc145.pdb
c:\users\hiromatukengo\desktop\program\プログラミング問題回答\プログラミング問題回答\x64\debug\vc145.idb
c:\users\hiromatukengo\desktop\program\プログラミング問題回答\プログラミング問題回答\x64\debug\main.obj
c:\users\hiromatukengo\desktop\program\プログラミング問題回答\プログラミング問題回答\x64\debug\プログラミング問題回答.ilk
c:\users\hiromatukengo\desktop\program\プログラミング問題回答\x64\debug\プログラミング問題回答.pdb
c:\users\hiromatukengo\desktop\program\プログラミング問題回答\プログラミング問題回答\x64\debug\プログラミング問題回答.tlog\cl.command.1.tlog
c:\users\hiromatukengo\desktop\program\プログラミング問題回答\プログラミング問題回答\x64\debug\プログラミング問題回答.tlog\cl.items.tlog
c:\users\hiromatukengo\desktop\program\プログラミング問題回答\プログラミング問題回答\x64\debug\プログラミング問題回答.tlog\cl.read.1.tlog
c:\users\hiromatukengo\desktop\program\プログラミング問題回答\プログラミング問題回答\x64\debug\プログラミング問題回答.tlog\cl.write.1.tlog
c:\users\hiromatukengo\desktop\program\プログラミング問題回答\プログラミング問題回答\x64\debug\プログラミング問題回答.tlog\link-cvtres.read.1.tlog
c:\users\hiromatukengo\desktop\program\プログラミング問題回答\プログラミング問題回答\x64\debug\プログラミング問題回答.tlog\link-cvtres.write.1.tlog
c:\users\hiromatukengo\desktop\program\プログラミング問題回答\プログラミング問題回答\x64\debug\プログラミング問題回答.tlog\link-rc.read.1.tlog
c:\users\hiromatukengo\desktop\program\プログラミング問題回答\プログラミング問題回答\x64\debug\プログラミング問題回答.tlog\link-rc.write.1.tlog
c:\users\hiromatukengo\desktop\program\プログラミング問題回答\プログラミング問題回答\x64\debug\プログラミング問題回答.tlog\link.68204-cvtres.read.1.tlog
c:\users\hiromatukengo\desktop\program\プログラミング問題回答\プログラミング問題回答\x64\debug\プログラミング問題回答.tlog\link.68204-cvtres.write.1.tlog
c:\users\hiromatukengo\desktop\program\プログラミング問題回答\プログラミング問題回答\x64\debug\プログラミング問題回答.tlog\link.68204-rc.read.1.tlog
c:\users\hiromatukengo\desktop\program\プログラミング問題回答\プログラミング問題回答\x64\debug\プログラミング問題回答.tlog\link.68204-rc.write.1.tlog
c:\users\hiromatukengo\desktop\program\プログラミング問題回答\プログラミング問題回答\x64\debug\プログラミング問題回答.tlog\link.68204.read.1.tlog
c:\users\hiromatukengo\desktop\program\プログラミング問題回答\プログラミング問題回答\x64\debug\プログラミング問題回答.tlog\link.68204.read.2.tlog
c:\users\hiromatukengo\desktop\program\プログラミング問題回答\プログラミング問題回答\x64\debug\プログラミング問題回答.tlog\link.68204.read.3.tlog
c:\users\hiromatukengo\desktop\program\プログラミング問題回答\プログラミング問題回答\x64\debug\プログラミング問題回答.tlog\link.68204.read.4.tlog
c:\users\hiromatukengo\desktop\program\プログラミング問題回答\プログラミング問題回答\x64\debug\プログラミング問題回答.tlog\link.68204.write.1.tlog
c:\users\hiromatukengo\desktop\program\プログラミング問題回答\プログラミング問題回答\x64\debug\プログラミング問題回答.tlog\link.command.1.tlog
c:\users\hiromatukengo\desktop\program\プログラミング問題回答\プログラミング問題回答\x64\debug\プログラミング問題回答.tlog\link.read.1.tlog
c:\users\hiromatukengo\desktop\program\プログラミング問題回答\プログラミング問題回答\x64\debug\プログラミング問題回答.tlog\link.read.2.tlog
c:\users\hiromatukengo\desktop\program\プログラミング問題回答\プログラミング問題回答\x64\debug\プログラミング問題回答.tlog\link.read.3.tlog
c:\users\hiromatukengo\desktop\program\プログラミング問題回答\プログラミング問題回答\x64\debug\プログラミング問題回答.tlog\link.read.4.tlog
c:\users\hiromatukengo\desktop\program\プログラミング問題回答\プログラミング問題回答\x64\debug\プログラミング問題回答.tlog\link.secondary.1.tlog
c:\users\hiromatukengo\desktop\program\プログラミング問題回答\プログラミング問題回答\x64\debug\プログラミング問題回答.tlog\link.write.1.tlog
