  main.cpp
  Object.cpp
C:\Users\HiromatuKengo\Desktop\Program\DxLib_三角関数\Object.cpp(1,1): warning C4819: ファイルは、現在のコード ページ (932) で表示できない文字を含んでいます。データの損失を防ぐために、ファイルを Unicode 形式で保存してください。
C:\Users\HiromatuKengo\Desktop\Program\DxLib_三角関数\Object.cpp(32,18): warning C4244: '引数': 'float' から 'int' への変換です。データが失われる可能性があります。
C:\Users\HiromatuKengo\Desktop\Program\DxLib_三角関数\Object.cpp(32,13): warning C4244: '引数': 'float' から 'int' への変換です。データが失われる可能性があります。
C:\Users\HiromatuKengo\Desktop\Program\DxLib_三角関数\Object.cpp(37,9): error C2084: 関数 'Object::Object(void)' は既に本体を持っています。
      C:\Users\HiromatuKengo\Desktop\Program\DxLib_三角関数\Object.cpp(4,9):
      'Object::Object' の以前の定義を確認してください
  
C:\Users\HiromatuKengo\Desktop\Program\DxLib_三角関数\Object.cpp(45,10): error C2084: 関数 'Object::~Object(void)' は既に本体を持っています。
      C:\Users\HiromatuKengo\Desktop\Program\DxLib_三角関数\Object.cpp(12,10):
      'Object::~Object' の以前の定義を確認してください
  
C:\Users\HiromatuKengo\Desktop\Program\DxLib_三角関数\Object.cpp(49,14): error C2084: 関数 'void Object::Init(void)' は既に本体を持っています。
      C:\Users\HiromatuKengo\Desktop\Program\DxLib_三角関数\Object.cpp(16,14):
      'Object::Init' の以前の定義を確認してください
  
C:\Users\HiromatuKengo\Desktop\Program\DxLib_三角関数\Object.cpp(72,14): error C2084: 関数 'void Object::End(void)' は既に本体を持っています。
      C:\Users\HiromatuKengo\Desktop\Program\DxLib_三角関数\Object.cpp(22,14):
      'Object::End' の以前の定義を確認してください
  
C:\Users\HiromatuKengo\Desktop\Program\DxLib_三角関数\Object.cpp(76,14): error C2084: 関数 'void Object::Update(void)' は既に本体を持っています。
      C:\Users\HiromatuKengo\Desktop\Program\DxLib_三角関数\Object.cpp(26,14):
      'Object::Update' の以前の定義を確認してください
  
C:\Users\HiromatuKengo\Desktop\Program\DxLib_三角関数\Object.cpp(82,14): error C2084: 関数 'void Object::Draw(void)' は既に本体を持っています。
      C:\Users\HiromatuKengo\Desktop\Program\DxLib_三角関数\Object.cpp(30,14):
      'Object::Draw' の以前の定義を確認してください
  
C:\Users\HiromatuKengo\Desktop\Program\DxLib_三角関数\Object.cpp(84,18): warning C4244: '引数': 'float' から 'int' への変換です。データが失われる可能性があります。
C:\Users\HiromatuKengo\Desktop\Program\DxLib_三角関数\Object.cpp(84,13): warning C4244: '引数': 'float' から 'int' への変換です。データが失われる可能性があります。
  SceneMain.cpp
  コードを生成中...
