c:\users\pc_user\documents\github\kengoschoole\natukadai\zanshin\zanshin\x64\release\vc145.pdb
c:\users\pc_user\documents\github\kengoschoole\natukadai\zanshin\zanshin\x64\release\scenetitle.obj
c:\users\pc_user\documents\github\kengoschoole\natukadai\zanshin\zanshin\x64\release\sceneresult.obj
c:\users\pc_user\documents\github\kengoschoole\natukadai\zanshin\zanshin\x64\release\scenemain.obj
c:\users\pc_user\documents\github\kengoschoole\natukadai\zanshin\zanshin\x64\release\player.obj
c:\users\pc_user\documents\github\kengoschoole\natukadai\zanshin\zanshin\x64\release\main.obj
c:\users\pc_user\documents\github\kengoschoole\natukadai\zanshin\zanshin\x64\release\enemy.obj
c:\users\pc_user\documents\github\kengoschoole\natukadai\zanshin\zanshin\x64\release\bg.obj
c:\users\pc_user\documents\github\kengoschoole\natukadai\zanshin\x64\release\zanshin.exe
c:\users\pc_user\documents\github\kengoschoole\natukadai\zanshin\x64\release\zanshin.pdb
c:\users\pc_user\documents\github\kengoschoole\natukadai\zanshin\zanshin\x64\release\zanshin.ipdb
c:\users\pc_user\documents\github\kengoschoole\natukadai\zanshin\zanshin\x64\release\zanshin.iobj
c:\users\pc_user\documents\github\kengoschoole\natukadai\zanshin\zanshin\x64\release\zanshin.tlog\cl.command.1.tlog
c:\users\pc_user\documents\github\kengoschoole\natukadai\zanshin\zanshin\x64\release\zanshin.tlog\cl.items.tlog
c:\users\pc_user\documents\github\kengoschoole\natukadai\zanshin\zanshin\x64\release\zanshin.tlog\cl.read.1.tlog
c:\users\pc_user\documents\github\kengoschoole\natukadai\zanshin\zanshin\x64\release\zanshin.tlog\cl.write.1.tlog
c:\users\pc_user\documents\github\kengoschoole\natukadai\zanshin\zanshin\x64\release\zanshin.tlog\link.command.1.tlog
c:\users\pc_user\documents\github\kengoschoole\natukadai\zanshin\zanshin\x64\release\zanshin.tlog\link.read.1.tlog
c:\users\pc_user\documents\github\kengoschoole\natukadai\zanshin\zanshin\x64\release\zanshin.tlog\link.secondary.1.tlog
c:\users\pc_user\documents\github\kengoschoole\natukadai\zanshin\zanshin\x64\release\zanshin.tlog\link.write.1.tlog
