  Bg.cpp
C:\Users\HiromatsuKengo\Documents\GitHub\KengoSchoole\natukadai\ZANSHIN\Bg.cpp(1,1): warning C4819: ファイルは、現在のコード ページ (932) で表示できない文字を含んでいます。データの損失を防ぐために、ファイルを Unicode 形式で保存してください。
C:\Users\HiromatsuKengo\Documents\GitHub\KengoSchoole\natukadai\ZANSHIN\Bg.cpp(22,24): warning C4244: '初期化中': 'double' から 'const int' への変換です。データが失われる可能性があります。
C:\Users\HiromatsuKengo\Documents\GitHub\KengoSchoole\natukadai\ZANSHIN\Bg.cpp(78,48): warning C4244: '引数': 'double' から 'int' への変換です。データが失われる可能性があります。
  Enemy.cpp
C:\Users\HiromatsuKengo\Documents\GitHub\KengoSchoole\natukadai\ZANSHIN\Enemy.cpp(1,1): warning C4819: ファイルは、現在のコード ページ (932) で表示できない文字を含んでいます。データの損失を防ぐために、ファイルを Unicode 形式で保存してください。
C:\Users\HiromatsuKengo\Documents\GitHub\KengoSchoole\natukadai\ZANSHIN\Enemy.h(1,1): warning C4819: ファイルは、現在のコード ページ (932) で表示できない文字を含んでいます。データの損失を防ぐために、ファイルを Unicode 形式で保存してください。
  (ソース ファイル 'Enemy.cpp' をコンパイルしています)
  
C:\Users\HiromatsuKengo\Documents\GitHub\KengoSchoole\natukadai\ZANSHIN\Player.h(1,1): warning C4819: ファイルは、現在のコード ページ (932) で表示できない文字を含んでいます。データの損失を防ぐために、ファイルを Unicode 形式で保存してください。
  (ソース ファイル 'Enemy.cpp' をコンパイルしています)
  
C:\Users\HiromatsuKengo\Documents\GitHub\KengoSchoole\natukadai\ZANSHIN\Enemy.cpp(95,19): warning C4244: '=': 'float' から 'int' への変換です。データが失われる可能性があります。
C:\Users\HiromatsuKengo\Documents\GitHub\KengoSchoole\natukadai\ZANSHIN\Enemy.cpp(96,20): warning C4244: '=': 'float' から 'int' への変換です。データが失われる可能性があります。
C:\Users\HiromatsuKengo\Documents\GitHub\KengoSchoole\natukadai\ZANSHIN\Enemy.cpp(243,27): warning C4244: '=': 'float' から 'int' への変換です。データが失われる可能性があります。
C:\Users\HiromatsuKengo\Documents\GitHub\KengoSchoole\natukadai\ZANSHIN\Enemy.cpp(244,28): warning C4244: '=': 'float' から 'int' への変換です。データが失われる可能性があります。
C:\Users\HiromatsuKengo\Documents\GitHub\KengoSchoole\natukadai\ZANSHIN\Enemy.cpp(247,27): warning C4244: '=': 'float' から 'int' への変換です。データが失われる可能性があります。
C:\Users\HiromatsuKengo\Documents\GitHub\KengoSchoole\natukadai\ZANSHIN\Enemy.cpp(248,27): warning C4244: '=': 'float' から 'int' への変換です。データが失われる可能性があります。
C:\Users\HiromatsuKengo\Documents\GitHub\KengoSchoole\natukadai\ZANSHIN\Enemy.cpp(323,15): warning C4244: '=': 'float' から 'int' への変換です。データが失われる可能性があります。
C:\Users\HiromatsuKengo\Documents\GitHub\KengoSchoole\natukadai\ZANSHIN\Enemy.cpp(324,19): warning C4244: '=': 'float' から 'int' への変換です。データが失われる可能性があります。
C:\Users\HiromatsuKengo\Documents\GitHub\KengoSchoole\natukadai\ZANSHIN\Enemy.cpp(448,25): warning C4244: '引数': 'float' から 'int' への変換です。データが失われる可能性があります。
C:\Users\HiromatsuKengo\Documents\GitHub\KengoSchoole\natukadai\ZANSHIN\Enemy.cpp(448,20): warning C4244: '引数': 'float' から 'int' への変換です。データが失われる可能性があります。
  main.cpp
C:\Users\HiromatsuKengo\Documents\GitHub\KengoSchoole\natukadai\ZANSHIN\SceneTitle.h(1,1): warning C4819: ファイルは、現在のコード ページ (932) で表示できない文字を含んでいます。データの損失を防ぐために、ファイルを Unicode 形式で保存してください。
  (ソース ファイル 'main.cpp' をコンパイルしています)
  
C:\Users\HiromatsuKengo\Documents\GitHub\KengoSchoole\natukadai\ZANSHIN\SceneMain.h(1,1): warning C4819: ファイルは、現在のコード ページ (932) で表示できない文字を含んでいます。データの損失を防ぐために、ファイルを Unicode 形式で保存してください。
  (ソース ファイル 'main.cpp' をコンパイルしています)
  
C:\Users\HiromatsuKengo\Documents\GitHub\KengoSchoole\natukadai\ZANSHIN\Player.h(1,1): warning C4819: ファイルは、現在のコード ページ (932) で表示できない文字を含んでいます。データの損失を防ぐために、ファイルを Unicode 形式で保存してください。
  (ソース ファイル 'main.cpp' をコンパイルしています)
  
C:\Users\HiromatsuKengo\Documents\GitHub\KengoSchoole\natukadai\ZANSHIN\Enemy.h(1,1): warning C4819: ファイルは、現在のコード ページ (932) で表示できない文字を含んでいます。データの損失を防ぐために、ファイルを Unicode 形式で保存してください。
  (ソース ファイル 'main.cpp' をコンパイルしています)
  
C:\Users\HiromatsuKengo\Documents\GitHub\KengoSchoole\natukadai\ZANSHIN\SceneResult.h(1,1): warning C4819: ファイルは、現在のコード ページ (932) で表示できない文字を含んでいます。データの損失を防ぐために、ファイルを Unicode 形式で保存してください。
  (ソース ファイル 'main.cpp' をコンパイルしています)
  
  Player.cpp
C:\Users\HiromatsuKengo\Documents\GitHub\KengoSchoole\natukadai\ZANSHIN\Player.cpp(1,1): warning C4819: ファイルは、現在のコード ページ (932) で表示できない文字を含んでいます。データの損失を防ぐために、ファイルを Unicode 形式で保存してください。
C:\Users\HiromatsuKengo\Documents\GitHub\KengoSchoole\natukadai\ZANSHIN\Player.h(1,1): warning C4819: ファイルは、現在のコード ページ (932) で表示できない文字を含んでいます。データの損失を防ぐために、ファイルを Unicode 形式で保存してください。
  (ソース ファイル 'Player.cpp' をコンパイルしています)
  
C:\Users\HiromatsuKengo\Documents\GitHub\KengoSchoole\natukadai\ZANSHIN\Player.cpp(284,27): warning C4244: '初期化中': 'double' から 'float' への変換です。データが失われる可能性があります。
C:\Users\HiromatsuKengo\Documents\GitHub\KengoSchoole\natukadai\ZANSHIN\Player.cpp(295,27): warning C4244: '=': 'float' から 'int' への変換です。データが失われる可能性があります。
C:\Users\HiromatsuKengo\Documents\GitHub\KengoSchoole\natukadai\ZANSHIN\Player.cpp(296,28): warning C4244: '=': 'float' から 'int' への変換です。データが失われる可能性があります。
  SceneMain.cpp
C:\Users\HiromatsuKengo\Documents\GitHub\KengoSchoole\natukadai\ZANSHIN\SceneMain.cpp(1,1): warning C4819: ファイルは、現在のコード ページ (932) で表示できない文字を含んでいます。データの損失を防ぐために、ファイルを Unicode 形式で保存してください。
C:\Users\HiromatsuKengo\Documents\GitHub\KengoSchoole\natukadai\ZANSHIN\SceneMain.h(1,1): warning C4819: ファイルは、現在のコード ページ (932) で表示できない文字を含んでいます。データの損失を防ぐために、ファイルを Unicode 形式で保存してください。
  (ソース ファイル 'SceneMain.cpp' をコンパイルしています)
  
C:\Users\HiromatsuKengo\Documents\GitHub\KengoSchoole\natukadai\ZANSHIN\Player.h(1,1): warning C4819: ファイルは、現在のコード ページ (932) で表示できない文字を含んでいます。データの損失を防ぐために、ファイルを Unicode 形式で保存してください。
  (ソース ファイル 'SceneMain.cpp' をコンパイルしています)
  
C:\Users\HiromatsuKengo\Documents\GitHub\KengoSchoole\natukadai\ZANSHIN\Enemy.h(1,1): warning C4819: ファイルは、現在のコード ページ (932) で表示できない文字を含んでいます。データの損失を防ぐために、ファイルを Unicode 形式で保存してください。
  (ソース ファイル 'SceneMain.cpp' をコンパイルしています)
  
C:\Users\HiromatsuKengo\Documents\GitHub\KengoSchoole\natukadai\ZANSHIN\SceneResult.h(1,1): warning C4819: ファイルは、現在のコード ページ (932) で表示できない文字を含んでいます。データの損失を防ぐために、ファイルを Unicode 形式で保存してください。
  (ソース ファイル 'SceneMain.cpp' をコンパイルしています)
  
C:\Users\HiromatsuKengo\Documents\GitHub\KengoSchoole\natukadai\ZANSHIN\SceneMain.cpp(201,48): warning C4244: '引数': 'int' から 'float' への変換です。データが失われる可能性があります。
C:\Users\HiromatsuKengo\Documents\GitHub\KengoSchoole\natukadai\ZANSHIN\SceneMain.cpp(201,31): warning C4244: '引数': 'int' から 'float' への変換です。データが失われる可能性があります。
C:\Users\HiromatsuKengo\Documents\GitHub\KengoSchoole\natukadai\ZANSHIN\SceneMain.cpp(229,21): warning C4244: '=': 'float' から 'int' への変換です。データが失われる可能性があります。
C:\Users\HiromatsuKengo\Documents\GitHub\KengoSchoole\natukadai\ZANSHIN\SceneMain.cpp(230,22): warning C4244: '=': 'float' から 'int' への変換です。データが失われる可能性があります。
  SceneResult.cpp
C:\Users\HiromatsuKengo\Documents\GitHub\KengoSchoole\natukadai\ZANSHIN\SceneResult.cpp(1,1): warning C4819: ファイルは、現在のコード ページ (932) で表示できない文字を含んでいます。データの損失を防ぐために、ファイルを Unicode 形式で保存してください。
C:\Users\HiromatsuKengo\Documents\GitHub\KengoSchoole\natukadai\ZANSHIN\SceneResult.h(1,1): warning C4819: ファイルは、現在のコード ページ (932) で表示できない文字を含んでいます。データの損失を防ぐために、ファイルを Unicode 形式で保存してください。
  (ソース ファイル 'SceneResult.cpp' をコンパイルしています)
  
  SceneTitle.cpp
C:\Users\HiromatsuKengo\Documents\GitHub\KengoSchoole\natukadai\ZANSHIN\SceneTitle.cpp(1,1): warning C4819: ファイルは、現在のコード ページ (932) で表示できない文字を含んでいます。データの損失を防ぐために、ファイルを Unicode 形式で保存してください。
C:\Users\HiromatsuKengo\Documents\GitHub\KengoSchoole\natukadai\ZANSHIN\SceneTitle.h(1,1): warning C4819: ファイルは、現在のコード ページ (932) で表示できない文字を含んでいます。データの損失を防ぐために、ファイルを Unicode 形式で保存してください。
  (ソース ファイル 'SceneTitle.cpp' をコンパイルしています)
  
LINK : warning LNK4075: /INCREMENTAL は /LTCG の指定によって無視されます。
  コード生成しています。
  72 of 73 functions (98.6%) were compiled, the rest were copied from previous compilation.
    0 functions were new in current compilation
    0 functions had inline decision re-evaluated but remain unchanged
  コード生成が終了しました。
  ZANSHIN.vcxproj -> C:\Users\HiromatsuKengo\Documents\GitHub\KengoSchoole\natukadai\ZANSHIN\x64\Release\ZANSHIN.exe
