  Enemy.cpp
C:\Users\HiromatuKengo\Desktop\Program\DxLib_SecondGame\Enemy.cpp(1,1): warning C4819: ファイルは、現在のコード ページ (932) で表示できない文字を含んでいます。データの損失を防ぐために、ファイルを Unicode 形式で保存してください。
C:\Users\HiromatuKengo\Desktop\Program\DxLib_SecondGame\Enemy.h(1,1): warning C4819: ファイルは、現在のコード ページ (932) で表示できない文字を含んでいます。データの損失を防ぐために、ファイルを Unicode 形式で保存してください。
  (ソース ファイル 'Enemy.cpp' をコンパイルしています)
  
C:\Users\HiromatuKengo\Desktop\Program\DxLib_SecondGame\Vec2.h(1,1): warning C4819: ファイルは、現在のコード ページ (932) で表示できない文字を含んでいます。データの損失を防ぐために、ファイルを Unicode 形式で保存してください。
  (ソース ファイル 'Enemy.cpp' をコンパイルしています)
  
C:\Users\HiromatuKengo\Desktop\Program\DxLib_SecondGame\Enemy.cpp(10,23): warning C4244: '初期化中': 'float' から 'const int' への変換です。データが失われる可能性があります。
C:\Users\HiromatuKengo\Desktop\Program\DxLib_SecondGame\Enemy.cpp(17,27): warning C4244: '初期化中': 'double' から 'const int' への変換です。データが失われる可能性があります。
C:\Users\HiromatuKengo\Desktop\Program\DxLib_SecondGame\Enemy.cpp(67,30): warning C4244: '引数': 'float' から 'int' への変換です。データが失われる可能性があります。
C:\Users\HiromatuKengo\Desktop\Program\DxLib_SecondGame\Enemy.cpp(67,21): warning C4244: '引数': 'float' から 'int' への変換です。データが失われる可能性があります。
  main.cpp
C:\Users\HiromatuKengo\Desktop\Program\DxLib_SecondGame\SceneMain.h(1,1): warning C4819: ファイルは、現在のコード ページ (932) で表示できない文字を含んでいます。データの損失を防ぐために、ファイルを Unicode 形式で保存してください。
  (ソース ファイル 'main.cpp' をコンパイルしています)
  
C:\Users\HiromatuKengo\Desktop\Program\DxLib_SecondGame\Vec2.h(1,1): warning C4819: ファイルは、現在のコード ページ (932) で表示できない文字を含んでいます。データの損失を防ぐために、ファイルを Unicode 形式で保存してください。
  (ソース ファイル 'main.cpp' をコンパイルしています)
  
C:\Users\HiromatuKengo\Desktop\Program\DxLib_SecondGame\Player.h(1,1): warning C4819: ファイルは、現在のコード ページ (932) で表示できない文字を含んでいます。データの損失を防ぐために、ファイルを Unicode 形式で保存してください。
  (ソース ファイル 'main.cpp' をコンパイルしています)
  
C:\Users\HiromatuKengo\Desktop\Program\DxLib_SecondGame\Enemy.h(1,1): warning C4819: ファイルは、現在のコード ページ (932) で表示できない文字を含んでいます。データの損失を防ぐために、ファイルを Unicode 形式で保存してください。
  (ソース ファイル 'main.cpp' をコンパイルしています)
  
  Player.cpp
C:\Users\HiromatuKengo\Desktop\Program\DxLib_SecondGame\Player.cpp(1,1): warning C4819: ファイルは、現在のコード ページ (932) で表示できない文字を含んでいます。データの損失を防ぐために、ファイルを Unicode 形式で保存してください。
C:\Users\HiromatuKengo\Desktop\Program\DxLib_SecondGame\Player.h(1,1): warning C4819: ファイルは、現在のコード ページ (932) で表示できない文字を含んでいます。データの損失を防ぐために、ファイルを Unicode 形式で保存してください。
  (ソース ファイル 'Player.cpp' をコンパイルしています)
  
C:\Users\HiromatuKengo\Desktop\Program\DxLib_SecondGame\Vec2.h(1,1): warning C4819: ファイルは、現在のコード ページ (932) で表示できない文字を含んでいます。データの損失を防ぐために、ファイルを Unicode 形式で保存してください。
  (ソース ファイル 'Player.cpp' をコンパイルしています)
  
C:\Users\HiromatuKengo\Desktop\Program\DxLib_SecondGame\Player.cpp(16,27): warning C4244: '初期化中': 'double' から 'const int' への変換です。データが失われる可能性があります。
C:\Users\HiromatuKengo\Desktop\Program\DxLib_SecondGame\Player.cpp(163,30): warning C4244: '引数': 'float' から 'int' への変換です。データが失われる可能性があります。
C:\Users\HiromatuKengo\Desktop\Program\DxLib_SecondGame\Player.cpp(163,21): warning C4244: '引数': 'float' から 'int' への変換です。データが失われる可能性があります。
  SceneMain.cpp
C:\Users\HiromatuKengo\Desktop\Program\DxLib_SecondGame\SceneMain.cpp(1,1): warning C4819: ファイルは、現在のコード ページ (932) で表示できない文字を含んでいます。データの損失を防ぐために、ファイルを Unicode 形式で保存してください。
C:\Users\HiromatuKengo\Desktop\Program\DxLib_SecondGame\SceneMain.h(1,1): warning C4819: ファイルは、現在のコード ページ (932) で表示できない文字を含んでいます。データの損失を防ぐために、ファイルを Unicode 形式で保存してください。
  (ソース ファイル 'SceneMain.cpp' をコンパイルしています)
  
C:\Users\HiromatuKengo\Desktop\Program\DxLib_SecondGame\Vec2.h(1,1): warning C4819: ファイルは、現在のコード ページ (932) で表示できない文字を含んでいます。データの損失を防ぐために、ファイルを Unicode 形式で保存してください。
  (ソース ファイル 'SceneMain.cpp' をコンパイルしています)
  
C:\Users\HiromatuKengo\Desktop\Program\DxLib_SecondGame\Player.h(1,1): warning C4819: ファイルは、現在のコード ページ (932) で表示できない文字を含んでいます。データの損失を防ぐために、ファイルを Unicode 形式で保存してください。
  (ソース ファイル 'SceneMain.cpp' をコンパイルしています)
  
C:\Users\HiromatuKengo\Desktop\Program\DxLib_SecondGame\Enemy.h(1,1): warning C4819: ファイルは、現在のコード ページ (932) で表示できない文字を含んでいます。データの損失を防ぐために、ファイルを Unicode 形式で保存してください。
  (ソース ファイル 'SceneMain.cpp' をコンパイルしています)
  
  コード生成しています。
  Previous IPDB not found, fall back to full compilation.
  All 31 functions were compiled because no usable IPDB/IOBJ from previous compilation was found.
  コード生成が終了しました。
  DxLib_SecondGame.vcxproj -> C:\Users\HiromatuKengo\Desktop\Program\DxLib_SecondGame\x64\Release\DxLib_SecondGame.exe
