  Enemy.cpp
C:\Users\HiromatuKengo\Desktop\Program\DxLib_円の当たり判定\Enemy.h(1,1): warning C4819: ファイルは、現在のコード ページ (932) で表示できない文字を含んでいます。データの損失を防ぐために、ファイルを Unicode 形式で保存してください。
  (ソース ファイル 'Enemy.cpp' をコンパイルしています)
  
  Player.cpp
C:\Users\HiromatuKengo\Desktop\Program\DxLib_円の当たり判定\Player.h(1,1): warning C4819: ファイルは、現在のコード ページ (932) で表示できない文字を含んでいます。データの損失を防ぐために、ファイルを Unicode 形式で保存してください。
  (ソース ファイル 'Player.cpp' をコンパイルしています)
  
  SceneMain.cpp
C:\Users\HiromatuKengo\Desktop\Program\DxLib_円の当たり判定\SceneMain.cpp(1,1): warning C4819: ファイルは、現在のコード ページ (932) で表示できない文字を含んでいます。データの損失を防ぐために、ファイルを Unicode 形式で保存してください。
C:\Users\HiromatuKengo\Desktop\Program\DxLib_円の当たり判定\Player.h(1,1): warning C4819: ファイルは、現在のコード ページ (932) で表示できない文字を含んでいます。データの損失を防ぐために、ファイルを Unicode 形式で保存してください。
  (ソース ファイル 'SceneMain.cpp' をコンパイルしています)
  
C:\Users\HiromatuKengo\Desktop\Program\DxLib_円の当たり判定\Enemy.h(1,1): warning C4819: ファイルは、現在のコード ページ (932) で表示できない文字を含んでいます。データの損失を防ぐために、ファイルを Unicode 形式で保存してください。
  (ソース ファイル 'SceneMain.cpp' をコンパイルしています)
  
C:\Users\HiromatuKengo\Desktop\Program\DxLib_円の当たり判定\SceneMain.cpp(42,15): warning C4244: '初期化中': 'int' から 'float' への変換です。データが失われる可能性があります。
  main.cpp
C:\Users\HiromatuKengo\Desktop\Program\DxLib_円の当たり判定\Player.h(1,1): warning C4819: ファイルは、現在のコード ページ (932) で表示できない文字を含んでいます。データの損失を防ぐために、ファイルを Unicode 形式で保存してください。
  (ソース ファイル 'main.cpp' をコンパイルしています)
  
C:\Users\HiromatuKengo\Desktop\Program\DxLib_円の当たり判定\Enemy.h(1,1): warning C4819: ファイルは、現在のコード ページ (932) で表示できない文字を含んでいます。データの損失を防ぐために、ファイルを Unicode 形式で保存してください。
  (ソース ファイル 'main.cpp' をコンパイルしています)
  
  コードを生成中...
  DxLib_円の当たり判定.vcxproj -> C:\Users\HiromatuKengo\Desktop\Program\DxLib_円の当たり判定\x64\Debug\DxLib_円の当たり判定.exe
