c:\users\hiromatukengo\desktop\program\dxlib_vec2便利に\dxlib_vec2便利に\x64\debug\vc145.pdb
c:\users\hiromatukengo\desktop\program\dxlib_vec2便利に\dxlib_vec2便利に\x64\debug\vc145.idb
c:\users\hiromatukengo\desktop\program\dxlib_vec2便利に\dxlib_vec2便利に\x64\debug\scenemain.obj
c:\users\hiromatukengo\desktop\program\dxlib_vec2便利に\dxlib_vec2便利に\x64\debug\main.obj
c:\users\hiromatukengo\desktop\program\dxlib_vec2便利に\x64\debug\dxlib_vec2便利に.pdb
c:\users\hiromatukengo\desktop\program\dxlib_vec2便利に\dxlib_vec2便利に\x64\debug\dxlib_vec2便利に.tlog\cl.command.1.tlog
c:\users\hiromatukengo\desktop\program\dxlib_vec2便利に\dxlib_vec2便利に\x64\debug\dxlib_vec2便利に.tlog\cl.read.1.tlog
c:\users\hiromatukengo\desktop\program\dxlib_vec2便利に\dxlib_vec2便利に\x64\debug\dxlib_vec2便利に.tlog\cl.write.1.tlog
c:\users\hiromatukengo\desktop\program\dxlib_vec2便利に\dxlib_vec2便利に\x64\debug\dxlib_vec2便利に.tlog\link-cvtres.read.1.tlog
c:\users\hiromatukengo\desktop\program\dxlib_vec2便利に\dxlib_vec2便利に\x64\debug\dxlib_vec2便利に.tlog\link-cvtres.write.1.tlog
c:\users\hiromatukengo\desktop\program\dxlib_vec2便利に\dxlib_vec2便利に\x64\debug\dxlib_vec2便利に.tlog\link-mt.read.1.tlog
c:\users\hiromatukengo\desktop\program\dxlib_vec2便利に\dxlib_vec2便利に\x64\debug\dxlib_vec2便利に.tlog\link-mt.write.1.tlog
c:\users\hiromatukengo\desktop\program\dxlib_vec2便利に\dxlib_vec2便利に\x64\debug\dxlib_vec2便利に.tlog\link-rc.read.1.tlog
c:\users\hiromatukengo\desktop\program\dxlib_vec2便利に\dxlib_vec2便利に\x64\debug\dxlib_vec2便利に.tlog\link-rc.write.1.tlog
c:\users\hiromatukengo\desktop\program\dxlib_vec2便利に\dxlib_vec2便利に\x64\debug\dxlib_vec2便利に.tlog\link.command.1.tlog
c:\users\hiromatukengo\desktop\program\dxlib_vec2便利に\dxlib_vec2便利に\x64\debug\dxlib_vec2便利に.tlog\link.read.1.tlog
c:\users\hiromatukengo\desktop\program\dxlib_vec2便利に\dxlib_vec2便利に\x64\debug\dxlib_vec2便利に.tlog\link.read.2.tlog
c:\users\hiromatukengo\desktop\program\dxlib_vec2便利に\dxlib_vec2便利に\x64\debug\dxlib_vec2便利に.tlog\link.read.3.tlog
c:\users\hiromatukengo\desktop\program\dxlib_vec2便利に\dxlib_vec2便利に\x64\debug\dxlib_vec2便利に.tlog\link.read.4.tlog
c:\users\hiromatukengo\desktop\program\dxlib_vec2便利に\dxlib_vec2便利に\x64\debug\dxlib_vec2便利に.tlog\link.write.1.tlog
